// Jest Snapshot v1, https://goo.gl/fbAQLP

exports[`Controls/dataSource:error.ErrorBoundary Рендер компонента без ошибки 1`] = `
<div>
  <div>
    Hello world!
  </div>
</div>
`;

exports[`Controls/dataSource:error.ErrorBoundary Рендер компонента с ошибкой 1`] = `
<div>
  <div
    class="tw-contents"
  >
    <div>
      This is error template: 
      custom error
    </div>
  </div>
</div>
`;
