// Jest Snapshot v1, https://goo.gl/fbAQLP

exports[`Controls-Graphs/RoundChart legendVisible=true, legendVerticalPosition=bottom 1`] = `
<div>
  <div
    class="controls-Graphs_RoundChart"
  >
    <div
      class="controls-Graphs_RoundChart__graphsContainer controls-Graphs_RoundChart__graphsContainerSize_short"
    >
      <div
        class="controls-Graphs-HighChartsLight  controls_Graphs_theme-default"
        name="chartContainer"
        tabindex="0"
      />
    </div>
    <div
      class="controls_Graphs_theme-default controls-Graphs-legend tw-justify-center controls-margin_top-m"
    >
      <div
        class="controls-Graphs-legend_item tw-cursor-pointer"
      >
        <div
          class="controls-Graphs-legend_item_color tw-cursor-pointer controls-margin_right-xs highcharts-color-base-1"
        />
        <div
          class="ws-ellipsis controls-Graphs-legend_item_text tw-cursor-pointer"
          title="5% постоянным"
        >
          5% постоянным
        </div>
      </div>
      <div
        class="controls-Graphs-legend_item tw-cursor-pointer"
      >
        <div
          class="controls-Graphs-legend_item_color tw-cursor-pointer controls-margin_right-xs highcharts-color-base-2"
        />
        <div
          class="ws-ellipsis controls-Graphs-legend_item_text tw-cursor-pointer"
          title="10% VIP"
        >
          10% VIP
        </div>
      </div>
      <div
        class="controls-Graphs-legend_item tw-cursor-pointer"
      >
        <div
          class="controls-Graphs-legend_item_color tw-cursor-pointer controls-margin_right-xs highcharts-color-base-3"
        />
        <div
          class="ws-ellipsis controls-Graphs-legend_item_text tw-cursor-pointer"
          title="20% в день"
        >
          20% в день
        </div>
      </div>
      <div
        class="controls-Graphs-legend_item tw-cursor-pointer"
      >
        <div
          class="controls-Graphs-legend_item_color tw-cursor-pointer controls-margin_right-xs highcharts-color-base-4"
        />
        <div
          class="ws-ellipsis controls-Graphs-legend_item_text tw-cursor-pointer"
          title="Новогодний сюрприз"
        >
          Новогодний сюрприз
        </div>
      </div>
      <div
        class="controls-Graphs-legend_item tw-cursor-pointer"
      >
        <div
          class="controls-Graphs-legend_item_color tw-cursor-pointer controls-margin_right-xs highcharts-color-base-5"
        />
        <div
          class="ws-ellipsis controls-Graphs-legend_item_text tw-cursor-pointer"
          title="БП для карт"
        >
          БП для карт
        </div>
      </div>
    </div>
  </div>
</div>
`;

exports[`Controls-Graphs/RoundChart legendVisible=true, legendVerticalPosition=top 1`] = `
<div>
  <div
    class="controls-Graphs_RoundChart"
  >
    <div
      class="controls-Graphs_RoundChart__graphsContainer controls-Graphs_RoundChart__graphsContainerSize_short"
    >
      <div
        class="controls-Graphs-HighChartsLight  controls_Graphs_theme-default"
        name="chartContainer"
        tabindex="0"
      />
    </div>
    <div
      class="controls_Graphs_theme-default controls-Graphs-legend tw-justify-center controls-margin_top-m"
    >
      <div
        class="controls-Graphs-legend_item tw-cursor-pointer"
      >
        <div
          class="controls-Graphs-legend_item_color tw-cursor-pointer controls-margin_right-xs highcharts-color-base-1"
        />
        <div
          class="ws-ellipsis controls-Graphs-legend_item_text tw-cursor-pointer"
          title="5% постоянным"
        >
          5% постоянным
        </div>
      </div>
      <div
        class="controls-Graphs-legend_item tw-cursor-pointer"
      >
        <div
          class="controls-Graphs-legend_item_color tw-cursor-pointer controls-margin_right-xs highcharts-color-base-2"
        />
        <div
          class="ws-ellipsis controls-Graphs-legend_item_text tw-cursor-pointer"
          title="10% VIP"
        >
          10% VIP
        </div>
      </div>
      <div
        class="controls-Graphs-legend_item tw-cursor-pointer"
      >
        <div
          class="controls-Graphs-legend_item_color tw-cursor-pointer controls-margin_right-xs highcharts-color-base-3"
        />
        <div
          class="ws-ellipsis controls-Graphs-legend_item_text tw-cursor-pointer"
          title="20% в день"
        >
          20% в день
        </div>
      </div>
      <div
        class="controls-Graphs-legend_item tw-cursor-pointer"
      >
        <div
          class="controls-Graphs-legend_item_color tw-cursor-pointer controls-margin_right-xs highcharts-color-base-4"
        />
        <div
          class="ws-ellipsis controls-Graphs-legend_item_text tw-cursor-pointer"
          title="Новогодний сюрприз"
        >
          Новогодний сюрприз
        </div>
      </div>
      <div
        class="controls-Graphs-legend_item tw-cursor-pointer"
      >
        <div
          class="controls-Graphs-legend_item_color tw-cursor-pointer controls-margin_right-xs highcharts-color-base-5"
        />
        <div
          class="ws-ellipsis controls-Graphs-legend_item_text tw-cursor-pointer"
          title="БП для карт"
        >
          БП для карт
        </div>
      </div>
    </div>
  </div>
</div>
`;

exports[`Controls-Graphs/RoundChart Минимальная конфигурация 1`] = `
<div>
  <div
    class="controls-Graphs_RoundChart"
  >
    <div
      class="controls-Graphs_RoundChart__graphsContainer controls-Graphs_RoundChart__graphsContainerSize_full"
    >
      <div
        class="controls-Graphs-HighChartsLight  controls_Graphs_theme-default"
        name="chartContainer"
        tabindex="0"
      />
    </div>
  </div>
</div>
`;
