// Jest Snapshot v1, https://goo.gl/fbAQLP

exports[`ControlsUnit/columnScrollReact/ApplyCssTransform/StaticStylesComponent should render static styles. 1`] = `
<style
  data-qa="ColumnScrollReact__static-styles"
>
  .js-controls-ColumnScrollReact_fixed_guid123 {transform: translate3d(0, 0, 0) rotate(0) skewX(0) skewY(0) scaleX(1) scaleY(1);will-change: transform;}.js-controls-ColumnScrollReact_hideFixedElements_guid123 .js-controls-ColumnScrollReact_fixed_guid123,.js-controls-ColumnScrollReact_hideFixedElements_guid123 .js-controls-ColumnScrollReact_fixed-toRightEdge_guid123 { visibility: hidden; }
</style>
`;
