// Jest Snapshot v1, https://goo.gl/fbAQLP

exports[`ControlsUnit/columnScrollReact/ApplyCssTransform/WidthsDependentStylesComponent should render width styles. 1`] = `
<style
  data-qa="ColumnScrollReact__width-styles"
>
  .js-controls-ColumnScrollReact_offsetForFixed_guid123 { left: 702px; }
</style>
`;
