// Jest Snapshot v1, https://goo.gl/fbAQLP

exports[`Controls-Input/ComboBoxGroupConnected/Label Label 1`] = `
<div>
  <div
    class="controlsDemo__wrapper controlsDemo_fixedWidth300 tw-flex tw-flex-col"
  >
    <div
      class="controls-ComboBox controls_toggle_theme-undefined controls-ComboBox-borderStyle-valid   controls-ComboBox-borderStyle-valid_focusing controls-ComboBox_background-same controls-text-default controls-fontweight-default controls-inlineheight-m controls-Combobox-fontsize-m controls-ComboBox_textAlign-left controls-ComboBox_border-partial controls-margin_top-m controls-margin_top-m  tw-w-full"
      tabindex="0"
      title=""
    >
      <div
        class="controls-ComboBox-wrapper"
      >
        <div
          class="controls-ComboBox__field controls-ComboBox__field_margin-null"
        >
          <div
            class="controls-ComboBox__placeholder controls-ComboBox__contentTemplate  controls-ComboBox__placeholderColor tw-cursor-text"
            tabindex="0"
          >
            Выберите вариант
          </div>
        </div>
        <span
          class="controls-ComboBox__arrow-wrapper controls-ComboBox__arrow-wrapper_offset-null"
        >
          <span
            class="controls-ComboBox__iconArrow icon-ExpandLight"
          />
        </span>
      </div>
    </div>
    <div
      class="tw-flex controls-max-w-full tw-flex-col controls-margin_top-m "
    >
      <a
        class="controls-Label controls-Label_underline_none tw-min-w-0 controls-Label_verticalPosition"
      >
        <div
          class="controls-Label__wrapper"
        >
          <div
            class="controls-Label__caption controls-fontsize-undefined controls-Label__caption_fontsize-default controls-Label__caption_fontColorStyle-label controls-Label__caption_underline_none controls-Label__caption_underline_none_edit ws-ellipsis"
          >
            label top
          </div>
          
        </div>
      </a>
      <div
        class="controls-ComboBox controls_toggle_theme-undefined controls-ComboBox-borderStyle-valid   controls-ComboBox-borderStyle-valid_focusing controls-ComboBox_background-same controls-text-default controls-fontweight-default controls-inlineheight-m controls-Combobox-fontsize-m controls-ComboBox_textAlign-left controls-ComboBox_border-partial controls-margin_top-m"
        tabindex="0"
        title=""
      >
        <div
          class="controls-ComboBox-wrapper"
        >
          <div
            class="controls-ComboBox__field controls-ComboBox__field_margin-null"
          >
            <div
              class="controls-ComboBox__placeholder controls-ComboBox__contentTemplate  controls-ComboBox__placeholderColor tw-cursor-text"
              tabindex="0"
            >
              Выберите вариант
            </div>
          </div>
          <span
            class="controls-ComboBox__arrow-wrapper controls-ComboBox__arrow-wrapper_offset-null"
          >
            <span
              class="controls-ComboBox__iconArrow icon-ExpandLight"
            />
          </span>
        </div>
      </div>
    </div>
    <div
      class="tw-flex controls-max-w-full tw-flex-row tw-items-baseline controls-margin_top-m "
    >
      <a
        class="controls-Label controls-Label_underline_none tw-min-w-0 tw-flex-shrink"
      >
        <div
          class="controls-Label__wrapper"
        >
          <div
            class="controls-Label__caption controls-fontsize-m  controls-Label__caption_fontColorStyle-label controls-Label__caption_underline_none controls-Label__caption_underline_none_edit ws-ellipsis"
          >
            label start
          </div>
          
        </div>
      </a>
      <div
        class="controls-ComboBox controls_toggle_theme-undefined controls-ComboBox-borderStyle-valid   controls-ComboBox-borderStyle-valid_focusing controls-ComboBox_background-same controls-text-default controls-fontweight-default controls-inlineheight-m controls-Combobox-fontsize-m controls-ComboBox_textAlign-left controls-ComboBox_border-partial controls-input_label_min-input-content controls-margin_top-m"
        tabindex="0"
        title=""
      >
        <div
          class="controls-ComboBox-wrapper"
        >
          <div
            class="controls-ComboBox__field controls-ComboBox__field_margin-null"
          >
            <div
              class="controls-ComboBox__placeholder controls-ComboBox__contentTemplate  controls-ComboBox__placeholderColor tw-cursor-text"
              tabindex="0"
            >
              Выберите вариант
            </div>
          </div>
          <span
            class="controls-ComboBox__arrow-wrapper controls-ComboBox__arrow-wrapper_offset-null"
          >
            <span
              class="controls-ComboBox__iconArrow icon-ExpandLight"
            />
          </span>
        </div>
      </div>
    </div>
    <div
      class="tw-flex controls-max-w-full tw-flex-row tw-items-baseline controls-margin_top-m "
    >
      <span
        class="controls-icon_size-s controls-icon_style-secondary controls-margin_right-s icon-SabyBird controls-icon"
      />
      <div
        class="controls-ComboBox controls_toggle_theme-undefined controls-ComboBox-borderStyle-valid   controls-ComboBox-borderStyle-valid_focusing controls-ComboBox_background-same controls-text-default controls-fontweight-default controls-inlineheight-m controls-Combobox-fontsize-m controls-ComboBox_textAlign-left controls-ComboBox_border-partial controls-margin_top-m"
        tabindex="0"
        title=""
      >
        <div
          class="controls-ComboBox-wrapper"
        >
          <div
            class="controls-ComboBox__field controls-ComboBox__field_margin-null"
          >
            <div
              class="controls-ComboBox__placeholder controls-ComboBox__contentTemplate  controls-ComboBox__placeholderColor tw-cursor-text"
              tabindex="0"
            >
              Выберите вариант
            </div>
          </div>
          <span
            class="controls-ComboBox__arrow-wrapper controls-ComboBox__arrow-wrapper_offset-null"
          >
            <span
              class="controls-ComboBox__iconArrow icon-ExpandLight"
            />
          </span>
        </div>
      </div>
    </div>
  </div>
</div>
`;
