// Jest Snapshot v1, https://goo.gl/fbAQLP

exports[`Controls/filterPanelPopup:Sticky отображение и скрытие колонок "Можно отобрать" при выборе параметров в фильтре При выборе фильтра из колонки, записи в колонке смещаются 1`] = `
<div
  class="controls-FilterViewPanel__additional-editors controls-FilterViewPanel__additional-editors-popup controls-FilterViewPanel__additional-editors-in-column"
>
  <div
    class="controls-FilterViewPanel__additional_left-column"
    data-qa="controls-FilterViewPanel__additional_left-column"
  >
    <div
      class="controls-FilterViewPanel__additional-editor controls-fontsize-m controls-text-filterExtendedItem controls-FilterViewPanel__additional-editor-popup controls-FilterViewPanel__additional-editor-popup-in-column"
      data-qa="FilterViewPanel__additional-editor"
      key="filterPanel-extended-extendedFilter-0"
      tabindex="0"
      title="extendedFilterCaption-0"
    >
      extendedFilterCaption-0
    </div>
    <div
      class="controls-FilterViewPanel__additional-editor controls-fontsize-m controls-text-filterExtendedItem controls-FilterViewPanel__additional-editor-popup controls-FilterViewPanel__additional-editor-popup-in-column"
      data-qa="FilterViewPanel__additional-editor"
      key="filterPanel-extended-extendedFilter-2"
      tabindex="0"
      title="extendedFilterCaption-2"
    >
      extendedFilterCaption-2
    </div>
    <div
      class="controls-FilterViewPanel__additional-editor controls-fontsize-m controls-text-filterExtendedItem controls-FilterViewPanel__additional-editor-popup controls-FilterViewPanel__additional-editor-popup-in-column"
      data-qa="FilterViewPanel__additional-editor"
      key="filterPanel-extended-extendedFilter-3"
      tabindex="0"
      title="extendedFilterCaption-3"
    >
      extendedFilterCaption-3
    </div>
    <div
      class="controls-FilterViewPanel__additional-editor controls-fontsize-m controls-text-filterExtendedItem controls-FilterViewPanel__additional-editor-popup controls-FilterViewPanel__additional-editor-popup-in-column"
      data-qa="FilterViewPanel__additional-editor"
      key="filterPanel-extended-extendedFilter-4"
      tabindex="0"
      title="extendedFilterCaption-4"
    >
      extendedFilterCaption-4
    </div>
    <div
      class="controls-FilterViewPanel__additional-editor controls-fontsize-m controls-text-filterExtendedItem controls-FilterViewPanel__additional-editor-popup controls-FilterViewPanel__additional-editor-popup-in-column"
      data-qa="FilterViewPanel__additional-editor"
      key="filterPanel-extended-extendedFilter-5"
      tabindex="0"
      title="extendedFilterCaption-5"
    >
      extendedFilterCaption-5
    </div>
    <div
      class="controls-FilterViewPanel__additional-editor controls-fontsize-m controls-text-filterExtendedItem controls-FilterViewPanel__additional-editor-popup controls-FilterViewPanel__additional-editor-popup-in-column"
      data-qa="FilterViewPanel__additional-editor"
      key="filterPanel-extended-extendedFilter-6"
      tabindex="0"
      title="extendedFilterCaption-6"
    >
      extendedFilterCaption-6
    </div>
  </div>
  <div
    class="controls-FilterViewPanel__additional_right-column"
    data-qa="controls-FilterViewPanel__additional_right-column"
  >
    <div
      class="controls-FilterViewPanel__additional-editor controls-fontsize-m controls-text-filterExtendedItem controls-FilterViewPanel__additional-editor-popup controls-FilterViewPanel__additional-editor-popup-in-column"
      data-qa="FilterViewPanel__additional-editor"
      key="filterPanel-extended-extendedFilter-7"
      tabindex="0"
      title="extendedFilterCaption-7"
    >
      extendedFilterCaption-7
    </div>
    <div
      class="controls-FilterViewPanel__additional-editor controls-fontsize-m controls-text-filterExtendedItem controls-FilterViewPanel__additional-editor-popup controls-FilterViewPanel__additional-editor-popup-in-column"
      data-qa="FilterViewPanel__additional-editor"
      key="filterPanel-extended-extendedFilter-8"
      tabindex="0"
      title="extendedFilterCaption-8"
    >
      extendedFilterCaption-8
    </div>
    <div
      class="controls-FilterViewPanel__additional-editor controls-fontsize-m controls-text-filterExtendedItem controls-FilterViewPanel__additional-editor-popup controls-FilterViewPanel__additional-editor-popup-in-column"
      data-qa="FilterViewPanel__additional-editor"
      key="filterPanel-extended-extendedFilter-9"
      tabindex="0"
      title="extendedFilterCaption-9"
    >
      extendedFilterCaption-9
    </div>
    <div
      class="controls-FilterViewPanel__additional-editor controls-fontsize-m controls-text-filterExtendedItem controls-FilterViewPanel__additional-editor-popup controls-FilterViewPanel__additional-editor-popup-in-column"
      data-qa="FilterViewPanel__additional-editor"
      key="filterPanel-extended-extendedFilter-10"
      tabindex="0"
      title="extendedFilterCaption-10"
    >
      extendedFilterCaption-10
    </div>
    <div
      class="controls-FilterViewPanel__additional-editor controls-fontsize-m controls-text-filterExtendedItem controls-FilterViewPanel__additional-editor-popup controls-FilterViewPanel__additional-editor-popup-in-column"
      data-qa="FilterViewPanel__additional-editor"
      key="filterPanel-extended-extendedFilter-11"
      tabindex="0"
      title="extendedFilterCaption-11"
    >
      extendedFilterCaption-11
    </div>
    <div
      class="controls-FilterViewPanel__additional-editor controls-fontsize-m controls-text-filterExtendedItem controls-FilterViewPanel__additional-editor-popup controls-FilterViewPanel__additional-editor-popup-in-column"
      data-qa="FilterViewPanel__additional-editor"
      key="filterPanel-extended-extendedFilter-12"
      tabindex="0"
      title="extendedFilterCaption-12"
    >
      extendedFilterCaption-12
    </div>
  </div>
</div>
`;
